    Finished `release` profile [optimized] target(s) in 0.34s

> spec-wiki@0.2.0 build E:\project\!byAI\spec-wiki\packages\spec-wiki
> vite build

[36mvite v7.3.1 [32mbuilding client environment for production...[36m[39m
transforming...
[32m✓[39m 22 modules transformed.
rendering chunks...
computing gzip size...
[2mdist/[22m[36mindex.js  [39m[1m[2m44.26 kB[22m[1m[22m[2m │ gzip: 12.10 kB[22m
[32m✓ built in 141ms[39m
npm notice
npm notice package: spec-wiki@0.2.0
npm notice Tarball Contents
npm notice 35.1kB LICENSE
npm notice 5.7kB README.md
npm notice 80B bin/spec-wiki.js
npm notice 44.3kB dist/index.js
npm notice 31.3MB lib/x64-win32/wiki-runtime.exe
npm notice 466B package.json
npm notice Tarball Details
npm notice name: spec-wiki
npm notice version: 0.2.0
npm notice filename: spec-wiki-0.2.0.tgz
npm notice package size: 5.7 MB
npm notice unpacked size: 31.4 MB
npm notice shasum: 2e95a4105cc150f725ef35cad034f50200e875d4
npm notice integrity: sha512-7TsHIbhQ1pXQz[...]IPlTJ6XfSJwPw==
npm notice total files: 6
npm notice
npm notice Publishing to https://registry.npmjs.org/ with tag latest and default access (dry-run)
+ spec-wiki@0.2.0
Dry-run checked package from E:\project\!byAI\spec-wiki\dist\spec-wiki
Evidence checks: 10
