   Compiling shlex v1.3.0
   Compiling find-msvc-tools v0.1.9
   Compiling unicode-ident v1.0.24
   Compiling proc-macro2 v1.0.106
   Compiling quote v1.0.45
   Compiling tree-sitter-language v0.1.7
   Compiling itoa v1.0.17
   Compiling cfg-if v1.0.4
   Compiling stable_deref_trait v1.2.1
   Compiling serde_core v1.0.228
   Compiling memchr v2.8.0
   Compiling once_cell v1.21.3
   Compiling windows-link v0.2.1
   Compiling serde v1.0.228
   Compiling pin-project-lite v0.2.17
   Compiling bytes v1.11.1
   Compiling zmij v1.0.21
   Compiling equivalent v1.0.2
   Compiling hashbrown v0.16.1
   Compiling futures-core v0.3.32
   Compiling cc v1.2.56
   Compiling windows-sys v0.61.2
   Compiling indexmap v2.13.0
   Compiling smallvec v1.15.1
   Compiling futures-sink v0.3.32
   Compiling litemap v0.8.1
   Compiling writeable v0.6.2
   Compiling http v1.4.0
   Compiling zeroize v1.8.2
   Compiling icu_properties_data v2.1.2
   Compiling serde_json v1.0.149
   Compiling icu_normalizer_data v2.1.1
   Compiling getrandom v0.2.17
   Compiling version_check v0.9.5
   Compiling socket2 v0.6.3
   Compiling mio v1.1.1
   Compiling http-body v1.0.1
   Compiling rustls-pki-types v1.14.0
   Compiling untrusted v0.9.0
   Compiling percent-encoding v2.3.2
   Compiling futures-io v0.3.32
   Compiling slab v0.4.12
   Compiling httparse v1.10.1
   Compiling syn v2.0.117
   Compiling tokio v1.50.0
   Compiling futures-task v0.3.32
   Compiling zerocopy v0.8.41
   Compiling ahash v0.8.12
   Compiling aho-corasick v1.1.4
   Compiling futures-util v0.3.32
   Compiling ring v0.17.14
   Compiling blake3 v1.8.3
   Compiling regex-syntax v0.8.10
   Compiling try-lock v0.2.5
   Compiling libc v0.2.182
   Compiling tower-service v0.3.3
   Compiling rustls v0.23.37
   Compiling want v0.3.1
   Compiling tree-sitter-go v0.25.0
   Compiling tree-sitter-python v0.25.0
   Compiling synstructure v0.13.2
   Compiling regex-automata v0.4.14
   Compiling tree-sitter-javascript v0.25.0
   Compiling tree-sitter-typescript v0.23.2
   Compiling tree-sitter-c-sharp v0.23.1
   Compiling tree-sitter-php v0.24.2
   Compiling tree-sitter-java v0.23.5
   Compiling tree-sitter-kotlin-ng v1.1.0
   Compiling tree-sitter-swift v0.7.1
   Compiling tree-sitter-cpp v0.23.4
   Compiling tree-sitter v0.25.10
   Compiling tree-sitter-rust v0.24.0
   Compiling tree-sitter-c v0.24.1
   Compiling futures-channel v0.3.32
   Compiling tracing-core v0.1.36
   Compiling atomic-waker v1.1.2
   Compiling subtle v2.6.1
   Compiling arrayvec v0.7.6
   Compiling winnow v0.7.15
   Compiling arrayref v0.3.9
   Compiling cpufeatures v0.2.17
   Compiling vcpkg v0.2.15
   Compiling constant_time_eq v0.4.2
   Compiling toml_write v0.1.2
   Compiling pin-utils v0.1.0
   Compiling pkg-config v0.3.32
   Compiling hyper v1.8.1
   Compiling tracing v0.1.44
   Compiling regex v1.12.3
   Compiling zerofrom-derive v0.1.6
   Compiling yoke-derive v0.8.1
   Compiling zerovec-derive v0.11.2
   Compiling serde_derive v1.0.228
   Compiling displaydoc v0.2.5
   Compiling rustls-webpki v0.103.9
   Compiling libsqlite3-sys v0.28.0
   Compiling form_urlencoded v1.2.2
   Compiling sync_wrapper v1.0.2
   Compiling utf8_iter v1.0.4
   Compiling streaming-iterator v0.1.9
   Compiling ryu v1.0.23
   Compiling tower-layer v0.3.3
   Compiling ipnet v2.12.0
   Compiling base64 v0.22.1
   Compiling bitflags v2.11.0
   Compiling hyper-util v0.1.20
   Compiling tower v0.5.3
   Compiling hashbrown v0.14.5
   Compiling tokio-rustls v0.26.4
   Compiling webpki-roots v1.0.6
   Compiling iri-string v0.7.10
   Compiling powerfmt v0.2.0
   Compiling hashlink v0.9.1
   Compiling http-body-util v0.1.3
   Compiling num-conv v0.2.0
   Compiling zerofrom v0.1.6
   Compiling time-core v0.1.8
   Compiling hyper-rustls v0.27.7
   Compiling fallible-iterator v0.3.0
   Compiling log v0.4.29
   Compiling deranged v0.5.8
   Compiling tower-http v0.6.8
   Compiling getrandom v0.4.2
   Compiling unsafe-libyaml v0.2.11
   Compiling fallible-streaming-iterator v0.1.9
   Compiling yoke v0.8.1
   Compiling fastrand v2.3.0
   Compiling ctor v0.2.9
   Compiling rusqlite v0.31.0
   Compiling zerovec v0.11.5
   Compiling zerotrie v0.2.3
   Compiling time v0.3.47
   Compiling serde_spanned v0.6.9
   Compiling toml_datetime v0.6.11
   Compiling wiki-model v0.1.0 (E:\project\!byAI\spec-wiki\crates\wiki-model)
   Compiling serde_urlencoded v0.7.1
   Compiling serde_yaml v0.9.34+deprecated
   Compiling tempfile v3.26.0
   Compiling toml_edit v0.22.27
   Compiling tinystr v0.8.2
   Compiling potential_utf v0.1.4
   Compiling icu_collections v2.1.1
   Compiling icu_locale_core v2.1.1
   Compiling toml v0.8.23
   Compiling icu_provider v2.1.1
   Compiling wiki-index v0.1.0 (E:\project\!byAI\spec-wiki\crates\wiki-index)
   Compiling icu_properties v2.1.2
   Compiling icu_normalizer v2.1.1
   Compiling idna_adapter v1.2.1
   Compiling idna v1.1.0
   Compiling url v2.5.8
   Compiling reqwest v0.12.28
   Compiling wiki-knowledge v0.1.0 (E:\project\!byAI\spec-wiki\crates\wiki-knowledge)
   Compiling wiki-runtime v0.1.0 (E:\project\!byAI\spec-wiki\crates\wiki-runtime)
    Finished `test` profile [unoptimized + debuginfo] target(s) in 7m 19s
     Running tests\acceptance.rs (target/test-acceptance\debug\deps\acceptance-819aa4ce8def0495.exe)

running 8 tests
test command_contract::serializes_error_response ... ok
test command_contract::parses_development_mode_command_flag ... ok
test command_contract::parses_init_command ... ok
test command_contract::handles_json_command_and_returns_error_payload ... ok
test command_contract::blocker_transport_contract_never_looks_like_success ... ok
test command_contract::query_transport_keeps_page_provenance_inside_compact_page_hits ... ok
test command_contract::init_transport_requires_provider_in_production_but_allows_explicit_development_mode ... ok
test command_contract::query_transport_returns_slim_payload_but_internal_query_stays_rich ... ok

test result: ok. 8 passed; 0 failed; 0 ignored; 0 measured; 3 filtered out; finished in 1.21s

