   Compiling shlex v1.3.0
   Compiling find-msvc-tools v0.1.9
   Compiling unicode-ident v1.0.24
   Compiling proc-macro2 v1.0.106
   Compiling quote v1.0.45
   Compiling tree-sitter-language v0.1.7
   Compiling itoa v1.0.17
   Compiling cfg-if v1.0.4
   Compiling stable_deref_trait v1.2.1
   Compiling serde_core v1.0.228
   Compiling memchr v2.8.0
   Compiling windows-link v0.2.1
   Compiling serde v1.0.228
   Compiling once_cell v1.21.3
   Compiling pin-project-lite v0.2.17
   Compiling bytes v1.11.1
   Compiling hashbrown v0.16.1
   Compiling futures-core v0.3.32
   Compiling equivalent v1.0.2
   Compiling zmij v1.0.21
   Compiling smallvec v1.15.1
   Compiling futures-sink v0.3.32
   Compiling writeable v0.6.2
   Compiling cc v1.2.56
   Compiling windows-sys v0.61.2
   Compiling litemap v0.8.1
   Compiling icu_normalizer_data v2.1.1
   Compiling indexmap v2.13.0
   Compiling http v1.4.0
   Compiling serde_json v1.0.149
   Compiling icu_properties_data v2.1.2
   Compiling zeroize v1.8.2
   Compiling getrandom v0.2.17
   Compiling futures-io v0.3.32
   Compiling socket2 v0.6.3
   Compiling mio v1.1.1
   Compiling http-body v1.0.1
   Compiling rustls-pki-types v1.14.0
   Compiling httparse v1.10.1
   Compiling version_check v0.9.5
   Compiling futures-task v0.3.32
   Compiling zerocopy v0.8.41
   Compiling untrusted v0.9.0
   Compiling slab v0.4.12
   Compiling percent-encoding v2.3.2
   Compiling ring v0.17.14
   Compiling tokio v1.50.0
   Compiling blake3 v1.8.3
   Compiling futures-util v0.3.32
   Compiling ahash v0.8.12
   Compiling syn v2.0.117
   Compiling aho-corasick v1.1.4
   Compiling rustls v0.23.37
   Compiling regex-syntax v0.8.10
   Compiling libc v0.2.182
   Compiling try-lock v0.2.5
   Compiling tower-service v0.3.3
   Compiling synstructure v0.13.2
   Compiling want v0.3.1
   Compiling tree-sitter-javascript v0.25.0
   Compiling tree-sitter-swift v0.7.1
   Compiling tree-sitter-c-sharp v0.23.1
   Compiling regex-automata v0.4.14
   Compiling tree-sitter-c v0.24.1
   Compiling tree-sitter-java v0.23.5
   Compiling tree-sitter-kotlin-ng v1.1.0
   Compiling tree-sitter-rust v0.24.0
   Compiling tree-sitter-go v0.25.0
   Compiling tree-sitter-php v0.24.2
   Compiling tree-sitter-python v0.25.0
   Compiling tree-sitter-typescript v0.23.2
   Compiling tree-sitter-cpp v0.23.4
   Compiling tree-sitter v0.25.10
   Compiling futures-channel v0.3.32
   Compiling tracing-core v0.1.36
   Compiling atomic-waker v1.1.2
   Compiling constant_time_eq v0.4.2
   Compiling vcpkg v0.2.15
   Compiling arrayvec v0.7.6
   Compiling pkg-config v0.3.32
   Compiling toml_write v0.1.2
   Compiling arrayref v0.3.9
   Compiling subtle v2.6.1
   Compiling winnow v0.7.15
   Compiling pin-utils v0.1.0
   Compiling cpufeatures v0.2.17
   Compiling hyper v1.8.1
   Compiling zerofrom-derive v0.1.6
   Compiling yoke-derive v0.8.1
   Compiling zerovec-derive v0.11.2
   Compiling displaydoc v0.2.5
   Compiling serde_derive v1.0.228
   Compiling tracing v0.1.44
   Compiling rustls-webpki v0.103.9
   Compiling libsqlite3-sys v0.28.0
   Compiling regex v1.12.3
   Compiling form_urlencoded v1.2.2
   Compiling sync_wrapper v1.0.2
   Compiling utf8_iter v1.0.4
   Compiling ipnet v2.12.0
   Compiling bitflags v2.11.0
   Compiling streaming-iterator v0.1.9
   Compiling tower-layer v0.3.3
   Compiling base64 v0.22.1
   Compiling ryu v1.0.23
   Compiling tower v0.5.3
   Compiling tokio-rustls v0.26.4
   Compiling hyper-util v0.1.20
   Compiling hashbrown v0.14.5
   Compiling webpki-roots v1.0.6
   Compiling zerofrom v0.1.6
   Compiling powerfmt v0.2.0
   Compiling iri-string v0.7.10
   Compiling http-body-util v0.1.3
   Compiling time-core v0.1.8
   Compiling fallible-iterator v0.3.0
   Compiling unsafe-libyaml v0.2.11
   Compiling num-conv v0.2.0
   Compiling log v0.4.29
   Compiling fallible-streaming-iterator v0.1.9
   Compiling yoke v0.8.1
   Compiling hashlink v0.9.1
   Compiling deranged v0.5.8
   Compiling getrandom v0.4.2
   Compiling fastrand v2.3.0
   Compiling ctor v0.2.9
   Compiling zerovec v0.11.5
   Compiling zerotrie v0.2.3
   Compiling hyper-rustls v0.27.7
   Compiling tinystr v0.8.2
   Compiling potential_utf v0.1.4
   Compiling tower-http v0.6.8
   Compiling time v0.3.47
   Compiling toml_datetime v0.6.11
   Compiling serde_spanned v0.6.9
   Compiling wiki-model v0.1.0 (E:\project\!byAI\spec-wiki\crates\wiki-model)
   Compiling serde_urlencoded v0.7.1
   Compiling rusqlite v0.31.0
   Compiling icu_locale_core v2.1.1
   Compiling icu_collections v2.1.1
   Compiling toml_edit v0.22.27
   Compiling serde_yaml v0.9.34+deprecated
   Compiling tempfile v3.26.0
   Compiling icu_provider v2.1.1
   Compiling icu_properties v2.1.2
   Compiling icu_normalizer v2.1.1
   Compiling toml v0.8.23
   Compiling idna_adapter v1.2.1
   Compiling wiki-index v0.1.0 (E:\project\!byAI\spec-wiki\crates\wiki-index)
   Compiling idna v1.1.0
   Compiling url v2.5.8
   Compiling reqwest v0.12.28
   Compiling wiki-knowledge v0.1.0 (E:\project\!byAI\spec-wiki\crates\wiki-knowledge)
   Compiling wiki-runtime v0.1.0 (E:\project\!byAI\spec-wiki\crates\wiki-runtime)
    Finished `test` profile [unoptimized + debuginfo] target(s) in 1m 56s
     Running tests\runtime.rs (target/test-runtime\debug\deps\runtime-e0d4c4c050bda6c3.exe)

running 114 tests
test managed_section_kernel::content_hash_is_stable ... ok
test managed_section_kernel::parse_legacy_page_no_known_titles_warns ... ok
test managed_section_kernel::parse_legacy_overview_page ... ok
test managed_section_kernel::parse_legacy_page_with_user_section ... ok
test managed_section_kernel::parse_wiki_page_auto_detects_legacy ... ok
test managed_section_kernel::parse_page_missing_end_marker_warns ... ok
test managed_section_kernel::parse_page_with_managed_markers ... ok
test managed_section_kernel::parse_page_with_user_section_between_managed ... ok
test managed_section_kernel::parse_page_with_trailing_user_section ... ok
test managed_section_kernel::parse_wiki_page_auto_detects_markers ... ok
test managed_section_kernel::merge_preserves_user_section_between_managed ... ok
test managed_section_kernel::merge_no_user_sections_returns_only_managed ... ok
test managed_section_kernel::merge_appends_orphan_user_section_with_warning ... ok
test managed_section_kernel::render_managed_block_produces_valid_markers ... ok
test managed_section_kernel::render_page_with_markers_roundtrips ... ok
test progress_streaming::should_stream_treats_long_running_actions_as_ndjson_by_default ... ok
test metadata_roundtrip::metadata_roundtrip_keeps_dirty_state ... ok
test progress_streaming::json_rpc_streams_terminal_error_once_for_invalid_repo ... ok
test editable_runtime::init_outputs_managed_markers ... ok
test editable_runtime::sync_detects_managed_drift ... ok
test legacy_page_migration::sync_warns_on_legacy_page_with_broken_titles ... ok
test legacy_page_migration::sync_skips_unchanged_legacy_page ... ok
test legacy_page_migration::sync_migrates_legacy_page_with_complete_titles ... ok
test query_sync_rebuild::query_distinguishes_index_not_ready_from_empty_hits ... ok
test section_template_integration::render_family_leaf_bundle_keeps_leaf_sections ... ok
test section_template_integration::render_page_bundle_keeps_deterministic_sections ... ok
test section_template_integration::render_page_draft_uses_compose_sections_directly ... ok
test legacy_page_migration::sync_migrates_legacy_page_with_user_section ... ok
test editable_runtime::sync_recognizes_user_section_after_hand_edit ... ok
test progress_streaming::json_rpc_can_write_debug_trace_without_polluting_stdout_protocol ... ok
test query_sync_rebuild::query_falls_back_to_markdown_and_returns_empty_result ... ok
test query_sync_rebuild::query_expands_inbound_impact_range_for_terminal_symbol ... ok
test query_sync_rebuild::query_marks_stale_runtime_as_queryable_but_recommends_update ... ok
test query_sync_rebuild::query_merges_fts_and_structural_page_hits ... ok
test sqlite_storage::db_open_readonly_fails_when_missing ... ok
test query_sync_rebuild::query_falls_back_when_fts_index_is_empty ... ok
test sqlite_storage::has_cache_layout_false_when_no_db ... ok
test sqlite_runtime_gates::unit_runtime_gate_crud_roundtrips_and_clears ... ok
test sqlite_storage::db_created_on_open ... ok
test query_sync_rebuild::query_restores_runtime_cache_from_formal_artifacts ... ok
test editable_runtime::rebuild_preserves_user_section ... ok
test sqlite_storage::db_open_twice_no_error ... ok
test sqlite_storage::has_cache_layout_true_after_open ... ok
[warn] failed to read WikiState from DB, falling back to metadata: table_exists(scan_cache): file is not a database
test sqlite_storage::load_state_falls_back_to_metadata_on_corrupt_db ... ok
test sqlite_storage::kv_exists_check ... ok
test sqlite_storage::kv_get_missing_returns_none ... ok
[warn] failed to read WikiState from DB, falling back to metadata: no wiki_pages rows found in sqlite database
test sqlite_storage::kv_roundtrip ... ok
test query_sync_rebuild::query_stays_available_when_facts_snapshot_outlives_downstream_state ... ok
test query_sync_rebuild::query_returns_graph_context_for_symbol_hits ... ok
test sqlite_storage::kv_set_overwrites ... ok
test editable_runtime::update_preserves_user_section_after_source_change ... ok
test sqlite_storage::page_context_missing_returns_none ... ok
test sqlite_storage::read_state_does_not_fall_back_to_legacy_wiki_state_kv ... ok
test sqlite_storage::open_db_does_not_auto_migrate_legacy_kv_entries ... ok
test sqlite_storage::state_read_fails_when_no_db ... ok
test sqlite_storage::page_context_overwrite ... ok
test sqlite_storage::page_context_remove ... ok
test sqlite_storage::page_generation_remove ... ok
test sqlite_storage::page_context_roundtrip ... ok
test sqlite_storage::page_generation_roundtrip ... ok
test sqlite_storage::remove_cache_db_clears_db_file ... ok
test progress_streaming::json_rpc_streams_init_progress_with_single_terminal_event ... ok
test sqlite_storage::remove_page_all_clears_both ... ok
test sqlite_storage::scoped_symbol_graph_reads_only_return_requested_files_and_frontier ... ok
test sqlite_storage::symbol_graph_for_files_refresh_replaces_stale_edges_and_analysis ... ok
test sqlite_storage::symbol_graph_roundtrip_persists_edges_communities_and_processes ... ok
test sqlite_storage::symbols_roundtrip_and_fts_query ... ok
test query_sync_rebuild::rebuild_restores_missing_page_caches ... ok
test query_sync_rebuild::sync_detects_manual_markdown_changes ... ok
test query_sync_rebuild::query_falls_back_without_graph_rows_and_rebuild_restores_them ... ok
test query_sync_rebuild::update_recomputes_process_labels_and_workflow_page ... ok
test progress_streaming::update_reports_scoped_symbol_edge_refresh_for_small_graph_changes ... ok
test sqlite_lifecycle::full_lifecycle_init_update_sync_rebuild ... ok
test sqlite_lifecycle::init_creates_db_and_state ... ok
test sqlite_lifecycle::rebuild_recreates_db ... ok
test sqlite_lifecycle::sync_after_init_preserves_db ... ok
test sqlite_lifecycle::update_after_init_preserves_db ... ok
test state_kernel::change_plan_detects_modified_and_structural_sources ... ok
test state_kernel::change_plan_detects_removed_sources ... ok
test state_kernel::child_contract_change_propagates_parent_units ... ok
test state_kernel::editing_page_markdown_does_not_backdrive_knowledge_scope ... ok
test state_kernel::init_persists_compose_plan_in_page_context_cache ... ok
test state_kernel::init_persists_page_input_hash_sections_and_page_caches ... ok
test state_kernel::init_persists_runtime_summary_and_unit_gates ... ok
test state_kernel::local_refresh_projection_targets_follow_scope_closure ... ok
test state_kernel::missing_incremental_cache_components_reports_runtime_gate_and_parent_contract_gaps ... ok
test state_kernel::query_output_includes_context_pack_and_provenance_summary ... ok
test state_kernel::removing_child_page_marks_parent_page_dirty ... ok
test state_kernel::state_metadata_roundtrip_produces_consistent_output ... ok
[warn] failed to read WikiState from DB, falling back to metadata: module-tree not found in sqlite index snapshot
test state_kernel::status_and_query_work_after_state_cache_deleted ... ok
test state_kernel::status_reports_needs_rebuild_when_page_level_cache_is_missing ... ok
test state_kernel::status_works_after_full_cache_deletion ... ok
test status_and_update::incremental_update_only_touches_related_pages ... ok
test status_and_update::init_builds_formal_runtime_and_reports_v0_2_ready_state ... ok
test status_and_update::init_persists_minimal_knowledge_artifacts ... ok
test status_and_update::local_refresh_keeps_unaffected_formal_records_stable ... ok
test status_and_update::production_mode_disabled_llm_surfaces_provider_blocker ... ok
test status_and_update::production_mode_provider_blocker_surfaces_after_rebuild ... ok
test status_and_update::production_mode_provider_blocker_surfaces_after_update ... ok
test status_and_update::production_mode_provider_blocker_surfaces_in_status ... ok
test status_and_update::production_mode_rebuild_persists_provider_blocker_after_runtime_was_fresh ... ok
test status_and_update::production_mode_update_persists_provider_blocker_after_runtime_was_fresh ... ok
test status_and_update::status_exposes_runtime_preflight_after_init ... ok
test status_and_update::status_keeps_restore_failure_explicit_when_recovery_manifest_is_stale ... ok
test status_and_update::status_reports_missing_before_init ... ok
test status_and_update::status_restores_runtime_from_formal_artifacts_when_cache_is_missing ... ok
test status_and_update::status_stays_fresh_after_llm_init_when_only_structural_sets_would_drift ... ok
test status_and_update::update_adds_and_removes_pages_after_structural_changes ... ok
test status_and_update::update_keeps_formal_runtime_ready_after_source_change ... ok
test status_and_update::update_marks_storybook_family_parent_pages_dirty_when_family_child_sources_change ... ok
test status_and_update::update_rebuilds_topic_page_and_parent_pages_when_topic_sources_change ... ok
test status_and_update::update_reclaims_removed_units_pages_and_caches_after_structural_delete ... ok
test status_and_update::update_refreshes_stale_runtime_to_fresh ... ok
test status_and_update::update_restores_page_cache_from_formal_artifacts ... ok

test result: ok. 114 passed; 0 failed; 0 ignored; 0 measured; 0 filtered out; finished in 57.73s

